
════════════════════════════════════════════════════════════
  URL scan
────────────────────────────────────────────────────────────
    Scan  ·  2026-05-25 02:23:13
    URLs: 109  ·  Unique: 104
════════════════════════════════════════════════════════════


════════════════════════════════════════════════════════════
  URL scan
────────────────────────────────────────────────────────────
    Pasted URLs: 1 URL(s) to archive
════════════════════════════════════════════════════════════


════════════════════════════════════════════════════════════
  Archive URLs (pasted)  ·  2026-05-25 02:26:34
────────────────────────────────────────────────────────────

════════════════════════════════════════════════════════════
  Archive URLs
────────────────────────────────────────────────────────────
    Archive URLs (pasted)  ·  2026-05-25 02:26:34
    Total URLs: 1  ·  Archived: 1  ·  Failed: 0  ·  30.2s
════════════════════════════════════════════════════════════


════════════════════════════════════════════════════════════
  Archive URLs (data\mentions.csv)  ·  2026-05-25 02:27:28
────────────────────────────────────────────────────────────
  → data\mentions.csv: archive_url column added, 5 row(s) updated

════════════════════════════════════════════════════════════
  Archive URLs
────────────────────────────────────────────────────────────
    Archive URLs (data\mentions.csv)  ·  2026-05-25 02:27:28
    Total URLs: 7  ·  Archived: 5  ·  Failed: 2  ·  73.7s
════════════════════════════════════════════════════════════


════════════════════════════════════════════════════════════
  Archive URLs (data\mentions.csv)  ·  2026-05-25 02:34:20
────────────────────────────────────────────────────────────
  → data\mentions.csv: 1 row(s) updated

════════════════════════════════════════════════════════════
  Archive URLs
────────────────────────────────────────────────────────────
    Archive URLs (data\mentions.csv)  ·  2026-05-25 02:34:20
    Total URLs: 1  ·  Archived: 1  ·  Failed: 0  ·  1.7s
════════════════════════════════════════════════════════════


════════════════════════════════════════════════════════════
  Archive URLs (data\mentions.csv)  ·  2026-05-25 02:36:21
────────────────────────────────────────────────────────────
  → data\mentions.csv: 1 row(s) updated

════════════════════════════════════════════════════════════
  Archive URLs
────────────────────────────────────────────────────────────
    Archive URLs (data\mentions.csv)  ·  2026-05-25 02:36:21
    Total URLs: 1  ·  Archived: 1  ·  Failed: 0  ·  0.4s
════════════════════════════════════════════════════════════


════════════════════════════════════════════════════════════
  URL scan
────────────────────────────────────────────────────────────
    Scan  ·  2026-05-25 13:01:33
    URLs: 108  ·  Unique: 104
════════════════════════════════════════════════════════════


════════════════════════════════════════════════════════════
  Archive URLs (data\awards.csv)  ·  2026-05-25 13:02:32
────────────────────────────────────────────────────────────
  → data\awards.csv: archive_url column added, 5 row(s) updated

════════════════════════════════════════════════════════════
  Archive URLs
────────────────────────────────────────────────────────────
    Archive URLs (data\awards.csv)  ·  2026-05-25 13:02:32
    Total URLs: 9  ·  Archived: 5  ·  Failed: 4  ·  346.1s
════════════════════════════════════════════════════════════

