[2026-05-25 14:39:51] WARN: projects/dataviz-gallery — 104 non-webp images skipped
[2026-05-25 14:40:22] projects/dataviz-gallery — fresh, 104 entries → data/dataviz-gallery.csv
[2026-05-25 14:42:27] WARN: projects/dataviz-gallery — 104 non-webp images skipped
[2026-05-25 14:44:31] WARN: projects/dataviz-gallery — 104 non-webp images skipped
[2026-05-25 14:44:57] projects/dataviz-gallery — fresh, 104 entries → data/dataviz-gallery.csv
[2026-05-25 14:49:06] WARN: projects/dataviz-gallery — 104 non-webp images skipped
[2026-05-25 14:49:25] projects/dataviz-gallery — fresh, 104 entries → data/dataviz-gallery.csv
[2026-05-25 14:50:02] WARN: projects/dataviz-gallery — 104 non-webp images skipped
[2026-05-25 14:50:19] projects/dataviz-gallery — overwrite, 104 entries → data/dataviz-gallery.csv
[2026-05-25 14:50:59] WARN: projects/dataviz-gallery — 104 non-webp images skipped
[2026-05-25 14:51:09] projects/dataviz-gallery — fresh, 104 entries → data/dataviz-gallery.csv
[2026-05-26 15:24:02] WARN: projects/dataviz-gallery — 104 non-webp images skipped
[2026-05-26 15:24:32] dataviz-gallery.csv — update-field, 104 entries
[2026-05-26 15:26:49] WARN: projects/dataviz-gallery — 104 non-webp images skipped
[2026-05-26 15:27:25] dataviz-gallery.csv — update-field, 104 entries
[2026-05-26 18:49:25] WARN: projects/dataviz-gallery — 104 non-webp images skipped
[2026-05-26 18:49:25] ERROR: csvToJson is not defined
[2026-05-26 18:51:58] WARN: projects/dataviz-gallery — 104 non-webp images skipped
[2026-05-26 18:52:30] dataviz-gallery.csv — overwrite, 104 entries
[2026-05-26 18:55:09] WARN: projects/dataviz-gallery — 104 non-webp images skipped
[2026-05-26 18:57:24] WARN: projects/dataviz-gallery — 104 non-webp images skipped
[2026-05-26 18:57:36] dataviz-gallery.csv — overwrite, 104 entries
[2026-05-26 19:11:23] WARN: projects/dataviz-gallery — 104 non-webp images skipped
[2026-05-26 19:11:36] dataviz-gallery.csv — add-column, 104 entries
[2026-05-28 08:59:30] WARN: projects/dataviz-gallery — 105 non-webp images skipped
[2026-05-28 09:00:42] WARN: projects/dataviz-gallery — 105 non-webp images skipped
[2026-05-28 09:01:06] WARN: projects/dataviz-gallery — 105 non-webp images skipped
[2026-05-28 09:07:06] WARN: projects/dataviz-gallery — 105 non-webp images skipped
[2026-05-28 09:21:24] WARN: projects/dataviz-gallery — 104 non-webp images skipped
[2026-05-28 09:22:24] dataviz-gallery.csv — regenerate-urls, 104 entries
[2026-05-28 09:31:05] WARN: projects/dataviz-gallery — 104 non-webp images skipped
[2026-05-28 09:31:28] dataviz-gallery.csv — regenerate-urls, 104 entries
