+ favicon.png  871B → 1.8KB  (-106.0% saved)
+ media\c3s\c3s-1.jpg  1.1MB → 243.8KB  (78.9% saved)
+ media\projects\dataviz-gallery\39 found dead in truck near London.jpg  1.4MB → 269.5KB  (81.6% saved)
+ media\projects\dataviz-gallery\Andy Murray's grand slam journey.jpg  1.3MB → 208.9KB  (84.6% saved)
+ media\projects\dataviz-gallery\Aramco's IPO valuations.jpg  211.2KB → 57.1KB  (73.0% saved)
+ media\projects\dataviz-gallery\Areas held by M23 rebels.jpg  1.0MB → 165.1KB  (83.9% saved)
+ media\projects\dataviz-gallery\Areas suitable for Fall Armyworm invasion.jpg  447.8KB → 88.4KB  (80.3% saved)
+ media\projects\dataviz-gallery\Attack on miner convoy in Burkina Faso.jpg  785.0KB → 184.6KB  (76.5% saved)
+ media\projects\dataviz-gallery\Attacks on Ukraine's energy system spike during the winter.jpg  508.1KB → 84.1KB  (83.5% saved)
+ media\projects\dataviz-gallery\Attacks on Ukraine's energy system.jpg  438.6KB → 106.4KB  (75.7% saved)
+ media\projects\dataviz-gallery\Blue Origin’s passenger spacecraft.jpg  1.0MB → 225.8KB  (78.7% saved)
+ media\projects\dataviz-gallery\Chandrayaan-2 lunar soft landing sequence.jpg  399.9KB → 139.1KB  (65.2% saved)
+ media\projects\dataviz-gallery\Children’s camp on a Russian military base.jpg  363.1KB → 203.9KB  (43.9% saved)
+ media\projects\dataviz-gallery\China’s refining and petrochemical hubs.jpg  1.0MB → 199.0KB  (80.7% saved)
+ media\projects\dataviz-gallery\Conflict in Syria.jpg  461.6KB → 93.7KB  (79.7% saved)
+ media\projects\dataviz-gallery\Coronavirus containment zones in Italy.jpg  815.6KB → 157.2KB  (80.7% saved)
+ media\projects\dataviz-gallery\Coronavirus vaccines from creation to inoculation.jpg  578.1KB → 124.7KB  (78.4% saved)
+ media\projects\dataviz-gallery\COVID-19 cases cross 15 million globally COVID-19 cases cross 15 million globally.png  61.3KB → 30.1KB  (51.0% saved)
+ media\projects\dataviz-gallery\COVID-19 deaths among ages 40-59.jpg  165.2KB → 42.3KB  (74.4% saved)
+ media\projects\dataviz-gallery\COVID-19 infections among vaccinated people.jpg  391.1KB → 97.7KB  (75.0% saved)
+ media\projects\dataviz-gallery\COVID-19 outbreak in India.jpg  242.1KB → 57.7KB  (76.2% saved)
+ media\projects\dataviz-gallery\COVID-19 vaccination rates in the European Union COVID-19 vaccination rates in the European Union.png  161.2KB → 59.9KB  (62.8% saved)
+ media\projects\dataviz-gallery\COVID-19 vaccinations and variants in Europe.jpg  709.8KB → 146.2KB  (79.4% saved)
+ media\projects\dataviz-gallery\COVID-19 vaccinations by age in India.jpg  162.5KB → 43.3KB  (73.4% saved)
+ media\projects\dataviz-gallery\COVID-19 vaccinations in India.jpg  259.4KB → 59.8KB  (76.9% saved)
+ media\projects\dataviz-gallery\COVID-19 vaccine purchases by country.jpg  273.9KB → 64.4KB  (76.5% saved)
+ media\projects\dataviz-gallery\COVID-19 vaccine skepticism.png  189.7KB → 85.4KB  (55.0% saved)
+ media\projects\dataviz-gallery\Cyclone Idai’s destructive path.jpg  1006.8KB → 203.1KB  (79.8% saved)
+ media\projects\dataviz-gallery\Delhi pollution.jpg  350.3KB → 78.5KB  (77.6% saved)
+ media\projects\dataviz-gallery\Earthquake in Albania.jpg  901.0KB → 177.5KB  (80.3% saved)
+ media\projects\dataviz-gallery\Estimated effects on Russian gas flows.jpg  104.7KB → 26.4KB  (74.8% saved)
+ media\projects\dataviz-gallery\Fall Armyworm invasion.jpg  512.6KB → 103.4KB  (79.8% saved)
+ media\projects\dataviz-gallery\Fate of global plastic.jpg  283.9KB → 60.4KB  (78.7% saved)
+ media\projects\dataviz-gallery\FIFA Women's World Cup France 2019.jpg  236.2KB → 86.4KB  (63.4% saved)
+ media\projects\dataviz-gallery\Floods in Germany.jpg  647.6KB → 170.3KB  (73.7% saved)
+ media\projects\dataviz-gallery\Food insecurity due to locusts in East Africa.jpg  960.5KB → 182.8KB  (81.0% saved)
+ media\projects\dataviz-gallery\Gender laws around the world.jpg  716.6KB → 172.8KB  (75.9% saved)
+ media\projects\dataviz-gallery\Germany shooting.jpg  892.7KB → 178.9KB  (80.0% saved)
+ media\projects\dataviz-gallery\Global fossil fuel production projected to miss Paris Climate Accord goals.png  248.1KB → 96.1KB  (61.3% saved)
+ media\projects\dataviz-gallery\Guinea's bauxite production and exports.png  95.0KB → 42.7KB  (55.0% saved)
+ media\projects\dataviz-gallery\Heavy rainfall in Germany.jpg  696.8KB → 127.1KB  (81.8% saved)
+ media\projects\dataviz-gallery\History of conflicts in Ukraine.jpg  1.1MB → 192.4KB  (82.7% saved)
+ media\projects\dataviz-gallery\Hong Kong residents flee to Taiwan.jpg  259.3KB → 57.0KB  (78.0% saved)
+ media\projects\dataviz-gallery\How Assad used a shady jet to carry valuables out of Syria.jpg  1.0MB → 141.3KB  (86.5% saved)
+ media\projects\dataviz-gallery\How the coronavirus spread undetected in the UK.jpg  1.3MB → 310.1KB  (76.4% saved)
+ media\projects\dataviz-gallery\Hungarian boat capsized.jpg  1.1MB → 263.0KB  (76.5% saved)
+ media\projects\dataviz-gallery\Indonesia plane crash.jpg  1.4MB → 319.8KB  (77.3% saved)
+ media\projects\dataviz-gallery\Israel 2019 parliamentary elections.jpg  182.2KB → 45.9KB  (74.8% saved)
+ media\projects\dataviz-gallery\Israel 2019 snap election.jpg  164.4KB → 41.3KB  (74.9% saved)
+ media\projects\dataviz-gallery\Israel 2020 election.jpg  149.2KB → 38.2KB  (74.4% saved)
+ media\projects\dataviz-gallery\Israel election.jpg  181.3KB → 44.8KB  (75.3% saved)
+ media\projects\dataviz-gallery\Israel’s annexation plans.jpg  978.8KB → 207.7KB  (78.8% saved)
+ media\projects\dataviz-gallery\June 2021 heat waves.jpg  818.6KB → 148.0KB  (81.9% saved)
+ media\projects\dataviz-gallery\Key events in the life of Colin Powell.jpg  457.4KB → 121.3KB  (73.5% saved)
+ media\projects\dataviz-gallery\Less work in Germany.jpg  254.1KB → 53.1KB  (79.1% saved)
+ media\projects\dataviz-gallery\Lithium mining in Portugal.jpg  815.1KB → 197.8KB  (75.7% saved)
+ media\projects\dataviz-gallery\Locusts in East Africa.jpg  827.9KB → 314.9KB  (62.0% saved)
+ media\projects\dataviz-gallery\Long waitlists at England's hospitals.jpg  372.8KB → 93.3KB  (75.0% saved)
+ media\projects\dataviz-gallery\Map of Enerhodar city.jpg  922.9KB → 175.7KB  (81.0% saved)
+ media\projects\dataviz-gallery\Mauritius oil spill.jpg  2.2MB → 394.6KB  (82.7% saved)
+ media\projects\dataviz-gallery\Mineral wealth of DRC.jpg  1.6MB → 316.2KB  (81.1% saved)
+ media\projects\dataviz-gallery\Moonshot.jpg  974.9KB → 212.7KB  (78.2% saved)
+ media\projects\dataviz-gallery\Moscow plane crash.jpg  1.2MB → 286.8KB  (77.2% saved)
+ media\projects\dataviz-gallery\Moves in sterling.jpg  564.0KB → 137.2KB  (75.7% saved)
+ media\projects\dataviz-gallery\NATO’s vulnerable eastern flank.jpg  894.7KB → 147.2KB  (83.5% saved)
+ media\projects\dataviz-gallery\Natural gas exported from Russia in 2020.jpg  127.8KB → 30.1KB  (76.4% saved)
+ media\projects\dataviz-gallery\Nigeria protests.jpg  211.5KB → 104.6KB  (50.5% saved)
+ media\projects\dataviz-gallery\Nord Stream 2 sabotage.jpg  683.6KB → 80.1KB  (88.3% saved)
+ media\projects\dataviz-gallery\Pace of COVID-19 vaccinations in India.jpg  373.6KB → 59.2KB  (84.2% saved)
+ media\projects\dataviz-gallery\Palestinians killed in Gaza war.png  161.6KB → 60.7KB  (62.5% saved)
+ media\projects\dataviz-gallery\Path of cyclone Vayu.jpg  590.7KB → 103.3KB  (82.5% saved)
+ media\projects\dataviz-gallery\Population exodus hits new record.jpg  374.8KB → 86.2KB  (77.0% saved)
+ media\projects\dataviz-gallery\Portugal 2019 parliamentary elections.jpg  186.1KB → 49.6KB  (73.3% saved)
+ media\projects\dataviz-gallery\Potential landing sites of Chandrayaan-2.jpg  810.1KB → 385.0KB  (52.5% saved)
+ media\projects\dataviz-gallery\Racism in English football.jpg  308.1KB → 79.6KB  (74.2% saved)
+ media\projects\dataviz-gallery\Reading the Brexit tea leaves.jpg  518.3KB → 125.3KB  (75.8% saved)
+ media\projects\dataviz-gallery\Remembering D-Day.jpg  1.3MB → 308.8KB  (77.3% saved)
+ media\projects\dataviz-gallery\Rosneft's flights to holiday destinations.jpg  477.8KB → 119.1KB  (75.1% saved)
+ media\projects\dataviz-gallery\Rush for COVID-19 vaccinations in India.jpg  235.3KB → 59.4KB  (74.8% saved)
+ media\projects\dataviz-gallery\Russia invades Ukraine.jpg  991.4KB → 162.2KB  (83.6% saved)
+ media\projects\dataviz-gallery\Russia plans to annex Ukrainian regions in the east.jpg  819.4KB → 165.2KB  (79.8% saved)
+ media\projects\dataviz-gallery\Russian control in eastern Ukraine.jpg  1.3MB → 263.8KB  (80.1% saved)
+ media\projects\dataviz-gallery\Russian forces at the edge of Kyiv.jpg  932.5KB → 182.8KB  (80.4% saved)
+ media\projects\dataviz-gallery\Saudi Arabia crude-oil exports.jpg  239.4KB → 39.0KB  (83.7% saved)
+ media\projects\dataviz-gallery\Saudi oil facilities attacked.jpg  959.4KB → 170.8KB  (82.2% saved)
+ media\projects\dataviz-gallery\Successful lunar soft landing sites.jpg  652.8KB → 266.7KB  (59.1% saved)
+ media\projects\dataviz-gallery\Thawing permafrost puts global climate warming in spotlight.jpg  1005.8KB → 162.2KB  (83.9% saved)
+ media\projects\dataviz-gallery\The battle for Bakhmut.png  248.8KB → 52.9KB  (78.7% saved)
+ media\projects\dataviz-gallery\The European Parliament after Brexit.jpg  625.2KB → 122.8KB  (80.4% saved)
+ media\projects\dataviz-gallery\Top exporters of fertilizers.png  90.7KB → 30.7KB  (66.2% saved)
+ media\projects\dataviz-gallery\Top importers of fertilizers from Russia and Belarus.png  92.0KB → 31.2KB  (66.0% saved)
+ media\projects\dataviz-gallery\Tour de France 2020.jpg  584.2KB → 192.9KB  (67.0% saved)
+ media\projects\dataviz-gallery\Tour de France 2021.jpg  918.0KB → 170.2KB  (81.5% saved)
+ media\projects\dataviz-gallery\Tour de France 2023.jpg  1.4MB → 285.3KB  (79.9% saved)
+ media\projects\dataviz-gallery\Tracking the Russian invasion of Ukraine Ukraine conflict.jpg  220.9KB → 114.6KB  (48.1% saved)
+ media\projects\dataviz-gallery\Trends in COVID-19 infections and hospitalisations in Israel following vaccinations.jpg  231.3KB → 61.1KB  (73.6% saved)
+ media\projects\dataviz-gallery\Trump's Middle East peace plan.jpg  515.4KB → 105.5KB  (79.5% saved)
+ media\projects\dataviz-gallery\UK health and social care tax bill passed.jpg  238.7KB → 77.1KB  (67.7% saved)
+ media\projects\dataviz-gallery\Ukraine loses territory in Kursk.jpg  549.4KB → 140.4KB  (74.4% saved)
+ media\projects\dataviz-gallery\Ukraine ramps up its military budget.jpg  329.2KB → 84.4KB  (74.4% saved)
+ media\projects\dataviz-gallery\Ukraine's battle against Russia's drone swarms.jpg  493.4KB → 110.0KB  (77.7% saved)
+ media\projects\dataviz-gallery\Ukraine's military strength.jpg  540.8KB → 143.0KB  (73.6% saved)
+ media\projects\dataviz-gallery\Ukraine's supply to the World Food Programme.jpg  267.7KB → 64.0KB  (76.1% saved)
+ media\projects\dataviz-gallery\Vaccine prices in India.jpg  412.2KB → 100.8KB  (75.6% saved)
+ media\projects\dataviz-gallery\Wildfires in Turkey.jpg  1.3MB → 229.1KB  (82.8% saved)
+ media\projects\dataviz-gallery\Young, Indian, Unvaccinated.jpg  332.6KB → 80.6KB  (75.8% saved)
+ media\projects\soulace\ui1.gif  148.3KB → 86.2KB  (41.9% saved)
+ media\projects\soulace\ui2.gif  208.4KB → 117.1KB  (43.8% saved)
+ media\projects\soulace\ui3.gif  152.0KB → 86.0KB  (43.4% saved)
+ media\projects\soulace\ui4.gif  204.7KB → 122.0KB  (40.4% saved)
+ media\projects\soulace\ui5.gif  279.2KB → 112.8KB  (59.6% saved)
+ media\textures\subtle-dots.png  82B → 108B  (-31.7% saved)
+ media\tree.jpg  175.0KB → 77.6KB  (55.7% saved)

════════════════════════════════════════════════════════════
  WebP conversion
────────────────────────────────────────────────────────────
    WebP conversion  ·  2026-06-25 22:56:47  ·  mode: missing
    Source images: 262  |  Existing .webp: 142  |  To convert: 113
    113 converted, 0 failed, 0 skipped  ·  14.9s
    Total: 64.8MB → 14.7MB (77.3% saved)
════════════════════════════════════════════════════════════

+ media\c3s\c3s-2.jpg  1.1MB → 219.2KB  (79.7% saved)

════════════════════════════════════════════════════════════
  WebP conversion
────────────────────────────────────────────────────────────
    WebP conversion  ·  2026-06-27 09:43:17  ·  mode: missing
    Source images: 2  |  Existing .webp: 1  |  To convert: 1
    1 converted, 0 failed, 0 skipped  ·  0.2s
    Total: 1.1MB → 219.2KB (79.7% saved)
════════════════════════════════════════════════════════════

+ media\c3s\c3s-3.jpg  947.1KB → 178.7KB  (81.1% saved)
+ media\c3s\c3s-4.jpg  1002.2KB → 184.1KB  (81.6% saved)
+ media\c3s\c3s-5.jpg  1.3MB → 323.8KB  (75.9% saved)

════════════════════════════════════════════════════════════
  WebP conversion
────────────────────────────────────────────────────────────
    WebP conversion  ·  2026-06-27 10:01:58  ·  mode: missing
    Source images: 5  |  Existing .webp: 2  |  To convert: 3
    3 converted, 0 failed, 0 skipped  ·  0.5s
    Total: 3.2MB → 686.7KB (79.2% saved)
════════════════════════════════════════════════════════════

+ media\c3s\c3s-1.jpg  1.1MB → 243.8KB  (78.9% saved)
+ media\c3s\c3s-2.jpg  666.6KB → 87.0KB  (86.9% saved)
+ media\c3s\c3s-3.jpg  947.1KB → 178.7KB  (81.1% saved)
+ media\c3s\c3s-4.jpg  1.1MB → 219.2KB  (79.7% saved)
+ media\c3s\c3s-5.jpg  678.2KB → 116.2KB  (82.9% saved)
+ media\c3s\c3s-6.jpg  540.7KB → 76.8KB  (85.8% saved)
+ media\c3s\c3s-7.jpg  901.2KB → 161.9KB  (82.0% saved)
+ media\c3s\c3s-8.jpg  857.1KB → 150.5KB  (82.4% saved)
+ media\c3s\c3s-9.jpg  1.3MB → 290.4KB  (78.4% saved)

════════════════════════════════════════════════════════════
  WebP conversion
────────────────────────────────────────────────────────────
    WebP conversion  ·  2026-06-27 23:21:16  ·  mode: force
    Source images: 9  |  Existing .webp: 0  |  To convert: 9
    9 converted, 0 failed, 0 skipped  ·  1.3s
    Total: 8.0MB → 1.5MB (81.3% saved)
════════════════════════════════════════════════════════════

+ media\zines\zines-1.jpg  522.5KB → 85.8KB  (83.6% saved)
+ media\zines\zines-2.jpg  1.2MB → 255.9KB  (78.4% saved)

════════════════════════════════════════════════════════════
  WebP conversion
────────────────────────────────────────────────────────────
    WebP conversion  ·  2026-06-27 23:57:34  ·  mode: force
    Source images: 2  |  Existing .webp: 0  |  To convert: 2
    2 converted, 0 failed, 0 skipped  ·  0.3s
    Total: 1.7MB → 341.7KB (80.0% saved)
════════════════════════════════════════════════════════════

+ media\zines\zines-1.jpg  1.2MB → 255.9KB  (78.4% saved)
+ media\zines\zines-2.jpg  1.7MB → 440.8KB  (74.6% saved)
+ media\zines\zines-3.jpg  1022.7KB → 171.8KB  (83.2% saved)
+ media\zines\zines-4.jpg  788.8KB → 105.6KB  (86.6% saved)
+ media\zines\zines-5.jpg  664.7KB → 101.9KB  (84.7% saved)

════════════════════════════════════════════════════════════
  WebP conversion
────────────────────────────────────────────────────────────
    WebP conversion  ·  2026-06-28 00:08:03  ·  mode: force
    Source images: 5  |  Existing .webp: 1  |  To convert: 5
    5 converted, 0 failed, 0 skipped  ·  0.8s
    Total: 5.3MB → 1.1MB (80.1% saved)
════════════════════════════════════════════════════════════

+ media\zines\zines-1.jpg  1.2MB → 255.9KB  (78.4% saved)
+ media\zines\zines-2.jpg  1.7MB → 440.8KB  (74.6% saved)
+ media\zines\zines-3.jpg  1022.7KB → 171.8KB  (83.2% saved)
+ media\zines\zines-4.jpg  739.7KB → 134.9KB  (81.8% saved)
+ media\zines\zines-5.jpg  664.7KB → 101.9KB  (84.7% saved)

════════════════════════════════════════════════════════════
  WebP conversion
────────────────────────────────────────────────────────────
    WebP conversion  ·  2026-06-28 00:12:09  ·  mode: force
    Source images: 5  |  Existing .webp: 5  |  To convert: 5
    5 converted, 0 failed, 0 skipped  ·  0.8s
    Total: 5.2MB → 1.1MB (79.3% saved)
════════════════════════════════════════════════════════════

+ media\zines\zines-1.jpg  1.2MB → 255.9KB  (78.4% saved)
+ media\zines\zines-2.jpg  1.7MB → 440.8KB  (74.6% saved)
+ media\zines\zines-3.jpg  1022.7KB → 171.8KB  (83.2% saved)
+ media\zines\zines-4.jpg  716.5KB → 128.0KB  (82.1% saved)
+ media\zines\zines-5.jpg  664.7KB → 101.9KB  (84.7% saved)

════════════════════════════════════════════════════════════
  WebP conversion
────────────────────────────────────────────────────────────
    WebP conversion  ·  2026-06-28 00:14:27  ·  mode: force
    Source images: 5  |  Existing .webp: 5  |  To convert: 5
    5 converted, 0 failed, 0 skipped  ·  0.8s
    Total: 5.2MB → 1.1MB (79.4% saved)
════════════════════════════════════════════════════════════

+ media\shows\shows-1.jpg  1.8MB → 380.5KB  (79.4% saved)
+ media\shows\shows-2.jpg  865.1KB → 137.4KB  (84.1% saved)
+ media\shows\shows-3.jpg  1.0MB → 210.6KB  (80.3% saved)

════════════════════════════════════════════════════════════
  WebP conversion
────────────────────────────────────────────────────────────
    WebP conversion  ·  2026-06-28 00:56:22  ·  mode: force
    Source images: 3  |  Existing .webp: 0  |  To convert: 3
    3 converted, 0 failed, 0 skipped  ·  0.5s
    Total: 3.7MB → 728.5KB (80.7% saved)
════════════════════════════════════════════════════════════

+ media/awards/nasscom.png  25.0KB → 6.0KB  (76.1% saved)

════════════════════════════════════════════════════════════
  WebP conversion
────────────────────────────────────────────────────────────
    WebP conversion  ·  2026-06-30 18:53:38  ·  mode: missing
    Source images: 9  |  Existing .webp: 9  |  To convert: 1
    1 converted, 0 failed, 0 skipped  ·  0.0s
    Total: 25.0KB → 6.0KB (76.1% saved)
════════════════════════════════════════════════════════════

+ media/awards/adobe.jpg  28.1KB → 14.5KB  (48.6% saved)
+ media/awards/fcc.jpg  133.5KB → 18.9KB  (85.8% saved)
+ media/awards/iib.png  26.9KB → 16.9KB  (37.0% saved)
+ media/awards/la-pc.jpg  106.9KB → 33.9KB  (68.3% saved)
+ media/awards/nasscom.png  24.9KB → 8.6KB  (65.7% saved)
+ media/awards/reuters.jpg  11.6KB → 7.8KB  (32.3% saved)
+ media/awards/snd.png  7.8KB → 15.4KB  (-96.8% saved)
+ media/awards/webby.jpg  15.7KB → 10.1KB  (35.6% saved)
+ media/awards/whitman.jpg  176.6KB → 24.6KB  (86.1% saved)

════════════════════════════════════════════════════════════
  WebP conversion
────────────────────────────────────────────────────────────
    WebP conversion  ·  2026-06-30 19:00:29  ·  mode: force
    Source images: 9  |  Existing .webp: 10  |  To convert: 9
    9 converted, 0 failed, 0 skipped  ·  0.3s
    Total: 532.1KB → 150.7KB (71.7% saved)
════════════════════════════════════════════════════════════

+ media/awards/adobe.jpg  28.1KB → 14.5KB  (48.6% saved)
+ media/awards/fcc.jpg  133.5KB → 18.9KB  (85.8% saved)
+ media/awards/iib.png  26.9KB → 16.9KB  (37.0% saved)
+ media/awards/la-pc.jpg  106.9KB → 33.9KB  (68.3% saved)
+ media/awards/nasscom.png  24.3KB → 8.6KB  (64.6% saved)
+ media/awards/reuters.jpg  11.6KB → 7.8KB  (32.3% saved)
+ media/awards/snd.png  7.8KB → 15.4KB  (-96.8% saved)
+ media/awards/webby.jpg  15.7KB → 10.1KB  (35.6% saved)
+ media/awards/whitman.jpg  176.6KB → 24.6KB  (86.1% saved)

════════════════════════════════════════════════════════════
  WebP conversion
────────────────────────────────────────────────────────────
    WebP conversion  ·  2026-06-30 19:01:09  ·  mode: force
    Source images: 9  |  Existing .webp: 10  |  To convert: 9
    9 converted, 0 failed, 0 skipped  ·  0.3s
    Total: 531.4KB → 150.7KB (71.6% saved)
════════════════════════════════════════════════════════════

+ media/awards/adobe.jpg  28.1KB → 14.5KB  (48.6% saved)
+ media/awards/fcc.jpg  133.5KB → 18.9KB  (85.8% saved)
+ media/awards/iib.png  26.9KB → 16.9KB  (37.0% saved)
+ media/awards/la-pc.jpg  106.9KB → 33.9KB  (68.3% saved)
+ media/awards/nasscom.png  258.4KB → 58.6KB  (77.3% saved)
+ media/awards/reuters.jpg  11.6KB → 7.8KB  (32.3% saved)
+ media/awards/snd.png  25.2KB → 8.6KB  (65.9% saved)
+ media/awards/webby.jpg  15.7KB → 10.1KB  (35.6% saved)
+ media/awards/whitman.jpg  176.6KB → 24.6KB  (86.1% saved)

════════════════════════════════════════════════════════════
  WebP conversion
────────────────────────────────────────────────────────────
    WebP conversion  ·  2026-06-30 19:19:04  ·  mode: force
    Source images: 9  |  Existing .webp: 10  |  To convert: 9
    9 converted, 0 failed, 0 skipped  ·  0.4s
    Total: 782.9KB → 193.9KB (75.2% saved)
════════════════════════════════════════════════════════════

+ media/awards/adobe.jpg  28.1KB → 14.5KB  (48.6% saved)
+ media/awards/fcc.jpg  133.5KB → 18.9KB  (85.8% saved)
+ media/awards/iib.png  26.9KB → 16.9KB  (37.0% saved)
+ media/awards/la-pc.jpg  106.9KB → 33.9KB  (68.3% saved)
+ media/awards/nasscom.png  258.4KB → 58.6KB  (77.3% saved)
+ media/awards/reuters.jpg  11.6KB → 7.8KB  (32.3% saved)
+ media/awards/snd.png  24.8KB → 8.4KB  (66.2% saved)
+ media/awards/webby.jpg  15.7KB → 10.1KB  (35.6% saved)
+ media/awards/whitman.jpg  176.6KB → 24.6KB  (86.1% saved)

════════════════════════════════════════════════════════════
  WebP conversion
────────────────────────────────────────────────────────────
    WebP conversion  ·  2026-06-30 19:20:01  ·  mode: force
    Source images: 9  |  Existing .webp: 10  |  To convert: 9
    9 converted, 0 failed, 0 skipped  ·  0.4s
    Total: 782.6KB → 193.7KB (75.2% saved)
════════════════════════════════════════════════════════════

+ media\community\community-1.jpg  766.9KB → 105.4KB  (86.3% saved)
+ media\community\community-2.jpg  830.9KB → 138.9KB  (83.3% saved)
+ media\community\community-3.jpg  449.8KB → 54.2KB  (88.0% saved)
+ media\community\community-4.jpg  460.2KB → 50.7KB  (89.0% saved)
+ media\community\community-5.jpg  990.4KB → 196.4KB  (80.2% saved)
+ media\community\community-6.jpg  997.1KB → 235.5KB  (76.4% saved)
+ media\community\community-7.jpg  925.7KB → 134.6KB  (85.5% saved)
+ media\community\community-8.jpg  643.1KB → 60.0KB  (90.7% saved)

════════════════════════════════════════════════════════════
  WebP conversion
────────────────────────────────────────────────────────────
    WebP conversion  ·  2026-09-27 22:46:06  ·  mode: force
    Source images: 8  |  Existing .webp: 0  |  To convert: 8
    8 converted, 0 failed, 0 skipped  ·  1.1s
    Total: 5.9MB → 975.7KB (83.9% saved)
════════════════════════════════════════════════════════════

+ media\community\teaching-1.jpg  842.9KB → 161.4KB  (80.9% saved)
+ media\community\teaching-2.jpg  690.9KB → 168.5KB  (75.6% saved)
+ media\community\teaching-3.jpg  602.9KB → 123.1KB  (79.6% saved)
+ media\community\teaching-4.jpg  679.3KB → 119.6KB  (82.4% saved)
+ media\community\teaching-5.jpg  812.3KB → 199.5KB  (75.4% saved)

════════════════════════════════════════════════════════════
  WebP conversion
────────────────────────────────────────────────────────────
    WebP conversion  ·  2026-09-29 00:32:00  ·  mode: missing
    Source images: 13  |  Existing .webp: 8  |  To convert: 5
    5 converted, 0 failed, 0 skipped  ·  0.5s
    Total: 3.5MB → 772.1KB (78.7% saved)
════════════════════════════════════════════════════════════

+ media\community\teaching-6.jpg  899.0KB → 208.2KB  (76.8% saved)

════════════════════════════════════════════════════════════
  WebP conversion
────────────────────────────────────────────────────────────
    WebP conversion  ·  2026-10-09 14:03:55  ·  mode: missing
    Source images: 14  |  Existing .webp: 13  |  To convert: 1
    1 converted, 0 failed, 0 skipped  ·  0.1s
    Total: 899.0KB → 208.2KB (76.8% saved)
════════════════════════════════════════════════════════════

+ favicon.png  871B → 1.8KB  (-106.0% saved)
+ media\projects\dataviz-gallery\39 found dead in truck near London.jpg  1.4MB → 269.5KB  (81.6% saved)
+ media\projects\dataviz-gallery\Andy Murray's grand slam journey.jpg  1.3MB → 208.9KB  (84.6% saved)
+ media\projects\dataviz-gallery\Aramco's IPO valuations.jpg  211.2KB → 57.1KB  (73.0% saved)
+ media\projects\dataviz-gallery\Areas held by M23 rebels.jpg  1.0MB → 165.1KB  (83.9% saved)
+ media\projects\dataviz-gallery\Areas suitable for Fall Armyworm invasion.jpg  447.8KB → 88.4KB  (80.3% saved)
+ media\projects\dataviz-gallery\Attack on miner convoy in Burkina Faso.jpg  785.0KB → 184.6KB  (76.5% saved)
+ media\projects\dataviz-gallery\Attacks on Ukraine's energy system spike during the winter.jpg  508.1KB → 84.1KB  (83.5% saved)
+ media\projects\dataviz-gallery\Attacks on Ukraine's energy system.jpg  438.6KB → 106.4KB  (75.7% saved)
+ media\projects\dataviz-gallery\Blue Origin’s passenger spacecraft.jpg  1.0MB → 225.8KB  (78.7% saved)
+ media\projects\dataviz-gallery\Chandrayaan-2 lunar soft landing sequence.jpg  399.9KB → 139.1KB  (65.2% saved)
+ media\projects\dataviz-gallery\Children’s camp on a Russian military base.jpg  363.1KB → 203.9KB  (43.9% saved)
+ media\projects\dataviz-gallery\China’s refining and petrochemical hubs.jpg  1.0MB → 199.0KB  (80.7% saved)
+ media\projects\dataviz-gallery\Conflict in Syria.jpg  461.6KB → 93.7KB  (79.7% saved)
+ media\projects\dataviz-gallery\Coronavirus containment zones in Italy.jpg  815.6KB → 157.2KB  (80.7% saved)
+ media\projects\dataviz-gallery\Coronavirus vaccines from creation to inoculation.jpg  578.1KB → 124.7KB  (78.4% saved)
+ media\projects\dataviz-gallery\COVID-19 cases cross 15 million globally COVID-19 cases cross 15 million globally.png  61.3KB → 30.1KB  (51.0% saved)
+ media\projects\dataviz-gallery\COVID-19 deaths among ages 40-59.jpg  165.2KB → 42.3KB  (74.4% saved)
+ media\projects\dataviz-gallery\COVID-19 infections among vaccinated people.jpg  391.1KB → 97.7KB  (75.0% saved)
+ media\projects\dataviz-gallery\COVID-19 outbreak in India.jpg  242.1KB → 57.7KB  (76.2% saved)
+ media\projects\dataviz-gallery\COVID-19 vaccination rates in the European Union COVID-19 vaccination rates in the European Union.png  161.2KB → 59.9KB  (62.8% saved)
+ media\projects\dataviz-gallery\COVID-19 vaccinations and variants in Europe.jpg  709.8KB → 146.2KB  (79.4% saved)
+ media\projects\dataviz-gallery\COVID-19 vaccinations by age in India.jpg  162.5KB → 43.3KB  (73.4% saved)
+ media\projects\dataviz-gallery\COVID-19 vaccinations in India.jpg  259.4KB → 59.8KB  (76.9% saved)
+ media\projects\dataviz-gallery\COVID-19 vaccine purchases by country.jpg  273.9KB → 64.4KB  (76.5% saved)
+ media\projects\dataviz-gallery\COVID-19 vaccine skepticism.png  189.7KB → 85.4KB  (55.0% saved)
+ media\projects\dataviz-gallery\Cyclone Idai’s destructive path.jpg  1006.8KB → 203.1KB  (79.8% saved)
+ media\projects\dataviz-gallery\Delhi pollution.jpg  350.3KB → 78.5KB  (77.6% saved)
+ media\projects\dataviz-gallery\Earthquake in Albania.jpg  901.0KB → 177.5KB  (80.3% saved)
+ media\projects\dataviz-gallery\Estimated effects on Russian gas flows.jpg  104.7KB → 26.4KB  (74.8% saved)
+ media\projects\dataviz-gallery\Fall Armyworm invasion.jpg  512.6KB → 103.4KB  (79.8% saved)
+ media\projects\dataviz-gallery\Fate of global plastic.jpg  283.9KB → 60.4KB  (78.7% saved)
+ media\projects\dataviz-gallery\FIFA Women's World Cup France 2019.jpg  236.2KB → 86.4KB  (63.4% saved)
+ media\projects\dataviz-gallery\Floods in Germany.jpg  647.6KB → 170.3KB  (73.7% saved)
+ media\projects\dataviz-gallery\Food insecurity due to locusts in East Africa.jpg  960.5KB → 182.8KB  (81.0% saved)
+ media\projects\dataviz-gallery\Gender laws around the world.jpg  716.6KB → 172.8KB  (75.9% saved)
+ media\projects\dataviz-gallery\Germany shooting.jpg  892.7KB → 178.9KB  (80.0% saved)
+ media\projects\dataviz-gallery\Global fossil fuel production projected to miss Paris Climate Accord goals.png  248.1KB → 96.1KB  (61.3% saved)
+ media\projects\dataviz-gallery\Guinea's bauxite production and exports.png  95.0KB → 42.7KB  (55.0% saved)
+ media\projects\dataviz-gallery\Heavy rainfall in Germany.jpg  696.8KB → 127.1KB  (81.8% saved)
+ media\projects\dataviz-gallery\History of conflicts in Ukraine.jpg  1.1MB → 192.4KB  (82.7% saved)
+ media\projects\dataviz-gallery\Hong Kong residents flee to Taiwan.jpg  259.3KB → 57.0KB  (78.0% saved)
+ media\projects\dataviz-gallery\How Assad used a shady jet to carry valuables out of Syria.jpg  1.0MB → 141.3KB  (86.5% saved)
+ media\projects\dataviz-gallery\How the coronavirus spread undetected in the UK.jpg  1.3MB → 310.1KB  (76.4% saved)
+ media\projects\dataviz-gallery\Hungarian boat capsized.jpg  1.1MB → 263.0KB  (76.5% saved)
+ media\projects\dataviz-gallery\Indonesia plane crash.jpg  1.4MB → 319.8KB  (77.3% saved)
+ media\projects\dataviz-gallery\Israel 2019 parliamentary elections.jpg  182.2KB → 45.9KB  (74.8% saved)
+ media\projects\dataviz-gallery\Israel 2019 snap election.jpg  164.4KB → 41.3KB  (74.9% saved)
+ media\projects\dataviz-gallery\Israel 2020 election.jpg  149.2KB → 38.2KB  (74.4% saved)
+ media\projects\dataviz-gallery\Israel election.jpg  181.3KB → 44.8KB  (75.3% saved)
+ media\projects\dataviz-gallery\Israel’s annexation plans.jpg  978.8KB → 207.7KB  (78.8% saved)
+ media\projects\dataviz-gallery\June 2021 heat waves.jpg  818.6KB → 148.0KB  (81.9% saved)
+ media\projects\dataviz-gallery\Key events in the life of Colin Powell.jpg  457.4KB → 121.3KB  (73.5% saved)
+ media\projects\dataviz-gallery\Less work in Germany.jpg  254.1KB → 53.1KB  (79.1% saved)
+ media\projects\dataviz-gallery\Lithium mining in Portugal.jpg  815.1KB → 197.8KB  (75.7% saved)
+ media\projects\dataviz-gallery\Locusts in East Africa.jpg  827.9KB → 314.9KB  (62.0% saved)
+ media\projects\dataviz-gallery\Long waitlists at England's hospitals.jpg  372.8KB → 93.3KB  (75.0% saved)
+ media\projects\dataviz-gallery\Map of Enerhodar city.jpg  922.9KB → 175.7KB  (81.0% saved)
+ media\projects\dataviz-gallery\Mauritius oil spill.jpg  2.2MB → 394.6KB  (82.7% saved)
+ media\projects\dataviz-gallery\Mineral wealth of DRC.jpg  1.6MB → 316.2KB  (81.1% saved)
+ media\projects\dataviz-gallery\Moonshot.jpg  974.9KB → 212.7KB  (78.2% saved)
+ media\projects\dataviz-gallery\Moscow plane crash.jpg  1.2MB → 286.8KB  (77.2% saved)
+ media\projects\dataviz-gallery\Moves in sterling.jpg  564.0KB → 137.2KB  (75.7% saved)
+ media\projects\dataviz-gallery\NATO’s vulnerable eastern flank.jpg  894.7KB → 147.2KB  (83.5% saved)
+ media\projects\dataviz-gallery\Natural gas exported from Russia in 2020.jpg  127.8KB → 30.1KB  (76.4% saved)
+ media\projects\dataviz-gallery\Nigeria protests.jpg  211.5KB → 104.6KB  (50.5% saved)
+ media\projects\dataviz-gallery\Nord Stream 2 sabotage.jpg  683.6KB → 80.1KB  (88.3% saved)
+ media\projects\dataviz-gallery\Pace of COVID-19 vaccinations in India.jpg  373.6KB → 59.2KB  (84.2% saved)
+ media\projects\dataviz-gallery\Palestinians killed in Gaza war.png  161.6KB → 60.7KB  (62.5% saved)
+ media\projects\dataviz-gallery\Path of cyclone Vayu.jpg  590.7KB → 103.3KB  (82.5% saved)
+ media\projects\dataviz-gallery\Population exodus hits new record.jpg  374.8KB → 86.2KB  (77.0% saved)
+ media\projects\dataviz-gallery\Portugal 2019 parliamentary elections.jpg  186.1KB → 49.6KB  (73.3% saved)
+ media\projects\dataviz-gallery\Potential landing sites of Chandrayaan-2.jpg  810.1KB → 385.0KB  (52.5% saved)
+ media\projects\dataviz-gallery\Racism in English football.jpg  308.1KB → 79.6KB  (74.2% saved)
+ media\projects\dataviz-gallery\Reading the Brexit tea leaves.jpg  518.3KB → 125.3KB  (75.8% saved)
+ media\projects\dataviz-gallery\Remembering D-Day.jpg  1.3MB → 308.8KB  (77.3% saved)
+ media\projects\dataviz-gallery\Rosneft's flights to holiday destinations.jpg  477.8KB → 119.1KB  (75.1% saved)
+ media\projects\dataviz-gallery\Rush for COVID-19 vaccinations in India.jpg  235.3KB → 59.4KB  (74.8% saved)
+ media\projects\dataviz-gallery\Russia invades Ukraine.jpg  991.4KB → 162.2KB  (83.6% saved)
+ media\projects\dataviz-gallery\Russia plans to annex Ukrainian regions in the east.jpg  819.4KB → 165.2KB  (79.8% saved)
+ media\projects\dataviz-gallery\Russian control in eastern Ukraine.jpg  1.3MB → 263.8KB  (80.1% saved)
+ media\projects\dataviz-gallery\Russian forces at the edge of Kyiv.jpg  932.5KB → 182.8KB  (80.4% saved)
+ media\projects\dataviz-gallery\Saudi Arabia crude-oil exports.jpg  239.4KB → 39.0KB  (83.7% saved)
+ media\projects\dataviz-gallery\Saudi oil facilities attacked.jpg  959.4KB → 170.8KB  (82.2% saved)
+ media\projects\dataviz-gallery\Successful lunar soft landing sites.jpg  652.8KB → 266.7KB  (59.1% saved)
+ media\projects\dataviz-gallery\Thawing permafrost puts global climate warming in spotlight.jpg  1005.8KB → 162.2KB  (83.9% saved)
+ media\projects\dataviz-gallery\The battle for Bakhmut.png  248.8KB → 52.9KB  (78.7% saved)
+ media\projects\dataviz-gallery\The European Parliament after Brexit.jpg  625.2KB → 122.8KB  (80.4% saved)
+ media\projects\dataviz-gallery\Top exporters of fertilizers.png  90.7KB → 30.7KB  (66.2% saved)
+ media\projects\dataviz-gallery\Top importers of fertilizers from Russia and Belarus.png  92.0KB → 31.2KB  (66.0% saved)
+ media\projects\dataviz-gallery\Tour de France 2020.jpg  584.2KB → 192.9KB  (67.0% saved)
+ media\projects\dataviz-gallery\Tour de France 2021.jpg  918.0KB → 170.2KB  (81.5% saved)
+ media\projects\dataviz-gallery\Tour de France 2023.jpg  1.4MB → 285.3KB  (79.9% saved)
+ media\projects\dataviz-gallery\Tracking the Russian invasion of Ukraine Ukraine conflict.jpg  220.9KB → 114.6KB  (48.1% saved)
+ media\projects\dataviz-gallery\Trends in COVID-19 infections and hospitalisations in Israel following vaccinations.jpg  231.3KB → 61.1KB  (73.6% saved)
+ media\projects\dataviz-gallery\Trump's Middle East peace plan.jpg  515.4KB → 105.5KB  (79.5% saved)
+ media\projects\dataviz-gallery\UK health and social care tax bill passed.jpg  238.7KB → 77.1KB  (67.7% saved)
+ media\projects\dataviz-gallery\Ukraine loses territory in Kursk.jpg  549.4KB → 140.4KB  (74.4% saved)
+ media\projects\dataviz-gallery\Ukraine ramps up its military budget.jpg  329.2KB → 84.4KB  (74.4% saved)
+ media\projects\dataviz-gallery\Ukraine's battle against Russia's drone swarms.jpg  493.4KB → 110.0KB  (77.7% saved)
+ media\projects\dataviz-gallery\Ukraine's military strength.jpg  540.8KB → 143.0KB  (73.6% saved)
+ media\projects\dataviz-gallery\Ukraine's supply to the World Food Programme.jpg  267.7KB → 64.0KB  (76.1% saved)
+ media\projects\dataviz-gallery\Vaccine prices in India.jpg  412.2KB → 100.8KB  (75.6% saved)
+ media\projects\dataviz-gallery\Wildfires in Turkey.jpg  1.3MB → 229.1KB  (82.8% saved)
+ media\projects\dataviz-gallery\Young, Indian, Unvaccinated.jpg  332.6KB → 80.6KB  (75.8% saved)
+ media\projects\soulace\ui1.gif  148.3KB → 86.2KB  (41.9% saved)
+ media\projects\soulace\ui2.gif  208.4KB → 117.1KB  (43.8% saved)
+ media\projects\soulace\ui3.gif  152.0KB → 86.0KB  (43.4% saved)
+ media\projects\soulace\ui4.gif  204.7KB → 122.0KB  (40.4% saved)
+ media\projects\soulace\ui5.gif  279.2KB → 112.8KB  (59.6% saved)
+ media\textures\subtle-dots.png  82B → 108B  (-31.7% saved)
+ media\tree.jpg  175.0KB → 77.6KB  (55.7% saved)

════════════════════════════════════════════════════════════
  WebP conversion
────────────────────────────────────────────────────────────
    WebP conversion  ·  2026-10-09 14:21:29  ·  mode: missing
    Source images: 293  |  Existing .webp: 174  |  To convert: 112
    112 converted, 0 failed, 0 skipped  ·  13.4s
    Total: 63.7MB → 14.5MB (77.3% saved)
════════════════════════════════════════════════════════════


════════════════════════════════════════════════════════════
  Image reference report
────────────────────────────────────────────────────────────
    Image reference report  ·  2026-10-09 14:22:40
    Static images: 579  ·  Source files: 119
    Referenced: 121  ·  Unreferenced: 461
    
    ⚠ JPEG/PNG still referenced from code (3):
      favicon.png  (871B)
        → app.html:5
        → lib/components/custom/home/Colophone/index.svelte:93
    
      media/awards/adobe.jpg  (28.1KB)
        → contents/projects/andretta.md:62
    
      media/Prasanta_KrDutta.jpg  (506.0KB)
        → lib/components/custom/about/BioCard/index.svelte:44
    
    JPEG/PNG not referenced (284) — can be removed:
      media/awards/fcc.jpg  (133.5KB)
      media/awards/iib.png  (26.9KB)
      media/awards/la-pc.jpg  (106.9KB)
      media/awards/nasscom.png  (258.4KB)
      media/awards/reuters.jpg  (11.6KB)
      media/awards/snd.png  (24.8KB)
      media/awards/webby.jpg  (15.7KB)
      media/awards/whitman.jpg  (176.6KB)
      media/behance.jpg  (254.6KB)
      media/c3s/c3s-1.jpg  (1.1MB)
      media/c3s/c3s-2.jpg  (666.6KB)
      media/c3s/c3s-3.jpg  (947.1KB)
      media/c3s/c3s-4.jpg  (1.1MB)
      media/c3s/c3s-5.jpg  (678.2KB)
      media/c3s/c3s-6.jpg  (540.7KB)
      media/c3s/c3s-7.jpg  (901.2KB)
      media/c3s/c3s-8.jpg  (857.1KB)
      media/c3s/c3s-9.jpg  (1.3MB)
      media/community/community-1.jpg  (766.9KB)
      media/community/community-2.jpg  (830.9KB)
      media/community/community-3.jpg  (449.8KB)
      media/community/community-4.jpg  (460.2KB)
      media/community/community-5.jpg  (990.4KB)
      media/community/community-6.jpg  (997.1KB)
      media/community/community-7.jpg  (925.7KB)
      media/community/community-8.jpg  (643.1KB)
      media/community/teaching-1.jpg  (842.9KB)
      media/community/teaching-2.jpg  (690.9KB)
      media/community/teaching-3.jpg  (602.9KB)
      media/community/teaching-4.jpg  (679.3KB)
      media/community/teaching-5.jpg  (812.3KB)
      media/community/teaching-6.jpg  (899.0KB)
      media/cooking.jpg  (327.6KB)
      media/hero-about.jpg  (1.0MB)
      media/hero-community.jpg  (1.3MB)
      media/hero.png  (2.9MB)
      media/muckrack.jpg  (810.5KB)
      media/page.png  (483.2KB)
      media/pexels-prasanta-kr-dutta-117541.jpg  (478.5KB)
      media/pkd-islands.png  (858.4KB)
      media/projects/andretta/ashapuri.jpg  (39.5KB)
      media/projects/andretta/bir.jpg  (303.0KB)
      media/projects/andretta/dog.jpg  (178.4KB)
      media/projects/andretta/gaddi.jpg  (226.2KB)
      media/projects/andretta/hero.jpg  (1.1MB)
      media/projects/andretta/hero1.jpg  (924.0KB)
      media/projects/andretta/ihbt.jpg  (380.3KB)
      media/projects/andretta/kheer.jpg  (205.4KB)
      media/projects/andretta/mirage.jpg  (294.5KB)
      media/projects/andretta/norah.jpg  (99.4KB)
      media/projects/andretta/shobha.jpg  (113.5KB)
      media/projects/andretta/sunrise.jpg  (15.4KB)
      media/projects/andretta/taragarh.jpg  (176.0KB)
      media/projects/andretta/tashi.jpg  (172.7KB)
      media/projects/andretta/vase.jpg  (196.5KB)
      media/projects/andretta/wah.jpg  (151.2KB)
      media/projects/dataviz-gallery/39 found dead in truck near London.jpg  (1.4MB)
      media/projects/dataviz-gallery/Andy Murray's grand slam journey.jpg  (1.3MB)
      media/projects/dataviz-gallery/Aramco's IPO valuations.jpg  (211.2KB)
      media/projects/dataviz-gallery/Areas held by M23 rebels.jpg  (1.0MB)
      media/projects/dataviz-gallery/Areas suitable for Fall Armyworm invasion.jpg  (447.8KB)
      media/projects/dataviz-gallery/Attack on miner convoy in Burkina Faso.jpg  (785.0KB)
      media/projects/dataviz-gallery/Attacks on Ukraine's energy system spike during the winter.jpg  (508.1KB)
      media/projects/dataviz-gallery/Attacks on Ukraine's energy system.jpg  (438.6KB)
      media/projects/dataviz-gallery/Blue Origin’s passenger spacecraft.jpg  (1.0MB)
      media/projects/dataviz-gallery/Chandrayaan-2 lunar soft landing sequence.jpg  (399.9KB)
      media/projects/dataviz-gallery/Children’s camp on a Russian military base.jpg  (363.1KB)
      media/projects/dataviz-gallery/China’s refining and petrochemical hubs.jpg  (1.0MB)
      media/projects/dataviz-gallery/Conflict in Syria.jpg  (461.6KB)
      media/projects/dataviz-gallery/Coronavirus containment zones in Italy.jpg  (815.6KB)
      media/projects/dataviz-gallery/Coronavirus vaccines from creation to inoculation.jpg  (578.1KB)
      media/projects/dataviz-gallery/COVID-19 cases cross 15 million globally COVID-19 cases cross 15 million globally.png  (61.3KB)
      media/projects/dataviz-gallery/COVID-19 deaths among ages 40-59.jpg  (165.2KB)
      media/projects/dataviz-gallery/COVID-19 infections among vaccinated people.jpg  (391.1KB)
      media/projects/dataviz-gallery/COVID-19 outbreak in India.jpg  (242.1KB)
      media/projects/dataviz-gallery/COVID-19 vaccination rates in the European Union COVID-19 vaccination rates in the European Union.png  (161.2KB)
      media/projects/dataviz-gallery/COVID-19 vaccinations and variants in Europe.jpg  (709.8KB)
      media/projects/dataviz-gallery/COVID-19 vaccinations by age in India.jpg  (162.5KB)
      media/projects/dataviz-gallery/COVID-19 vaccinations in India.jpg  (259.4KB)
      media/projects/dataviz-gallery/COVID-19 vaccine purchases by country.jpg  (273.9KB)
      media/projects/dataviz-gallery/COVID-19 vaccine skepticism.png  (189.7KB)
      media/projects/dataviz-gallery/Cyclone Idai’s destructive path.jpg  (1006.8KB)
      media/projects/dataviz-gallery/Delhi pollution.jpg  (350.3KB)
      media/projects/dataviz-gallery/Earthquake in Albania.jpg  (901.0KB)
      media/projects/dataviz-gallery/Estimated effects on Russian gas flows.jpg  (104.7KB)
      media/projects/dataviz-gallery/Fall Armyworm invasion.jpg  (512.6KB)
      media/projects/dataviz-gallery/Fate of global plastic.jpg  (283.9KB)
      media/projects/dataviz-gallery/FIFA Women's World Cup France 2019.jpg  (236.2KB)
      media/projects/dataviz-gallery/Floods in Germany.jpg  (647.6KB)
      media/projects/dataviz-gallery/Food insecurity due to locusts in East Africa.jpg  (960.5KB)
      media/projects/dataviz-gallery/Gender laws around the world.jpg  (716.6KB)
      media/projects/dataviz-gallery/Germany shooting.jpg  (892.7KB)
      media/projects/dataviz-gallery/Global fossil fuel production projected to miss Paris Climate Accord goals.png  (248.1KB)
      media/projects/dataviz-gallery/Guinea's bauxite production and exports.png  (95.0KB)
      media/projects/dataviz-gallery/Heavy rainfall in Germany.jpg  (696.8KB)
      media/projects/dataviz-gallery/History of conflicts in Ukraine.jpg  (1.1MB)
      media/projects/dataviz-gallery/Hong Kong residents flee to Taiwan.jpg  (259.3KB)
      media/projects/dataviz-gallery/How Assad used a shady jet to carry valuables out of Syria.jpg  (1.0MB)
      media/projects/dataviz-gallery/How the coronavirus spread undetected in the UK.jpg  (1.3MB)
      media/projects/dataviz-gallery/Hungarian boat capsized.jpg  (1.1MB)
      media/projects/dataviz-gallery/Indonesia plane crash.jpg  (1.4MB)
      media/projects/dataviz-gallery/Israel 2019 parliamentary elections.jpg  (182.2KB)
      media/projects/dataviz-gallery/Israel 2019 snap election.jpg  (164.4KB)
      media/projects/dataviz-gallery/Israel 2020 election.jpg  (149.2KB)
      media/projects/dataviz-gallery/Israel election.jpg  (181.3KB)
      media/projects/dataviz-gallery/Israel’s annexation plans.jpg  (978.8KB)
      media/projects/dataviz-gallery/June 2021 heat waves.jpg  (818.6KB)
      media/projects/dataviz-gallery/Key events in the life of Colin Powell.jpg  (457.4KB)
      media/projects/dataviz-gallery/Less work in Germany.jpg  (254.1KB)
      media/projects/dataviz-gallery/Lithium mining in Portugal.jpg  (815.1KB)
      media/projects/dataviz-gallery/Locusts in East Africa.jpg  (827.9KB)
      media/projects/dataviz-gallery/Long waitlists at England's hospitals.jpg  (372.8KB)
      media/projects/dataviz-gallery/Map of Enerhodar city.jpg  (922.9KB)
      media/projects/dataviz-gallery/Mauritius oil spill.jpg  (2.2MB)
      media/projects/dataviz-gallery/Mineral wealth of DRC.jpg  (1.6MB)
      media/projects/dataviz-gallery/Moonshot.jpg  (974.9KB)
      media/projects/dataviz-gallery/Moscow plane crash.jpg  (1.2MB)
      media/projects/dataviz-gallery/Moves in sterling.jpg  (564.0KB)
      media/projects/dataviz-gallery/NATO’s vulnerable eastern flank.jpg  (894.7KB)
      media/projects/dataviz-gallery/Natural gas exported from Russia in 2020.jpg  (127.8KB)
      media/projects/dataviz-gallery/Nigeria protests.jpg  (211.5KB)
      media/projects/dataviz-gallery/Nord Stream 2 sabotage.jpg  (683.6KB)
      media/projects/dataviz-gallery/Pace of COVID-19 vaccinations in India.jpg  (373.6KB)
      media/projects/dataviz-gallery/Palestinians killed in Gaza war.png  (161.6KB)
      media/projects/dataviz-gallery/Path of cyclone Vayu.jpg  (590.7KB)
      media/projects/dataviz-gallery/Population exodus hits new record.jpg  (374.8KB)
      media/projects/dataviz-gallery/Portugal 2019 parliamentary elections.jpg  (186.1KB)
      media/projects/dataviz-gallery/Potential landing sites of Chandrayaan-2.jpg  (810.1KB)
      media/projects/dataviz-gallery/Racism in English football.jpg  (308.1KB)
      media/projects/dataviz-gallery/Reading the Brexit tea leaves.jpg  (518.3KB)
      media/projects/dataviz-gallery/Remembering D-Day.jpg  (1.3MB)
      media/projects/dataviz-gallery/Rosneft's flights to holiday destinations.jpg  (477.8KB)
      media/projects/dataviz-gallery/Rush for COVID-19 vaccinations in India.jpg  (235.3KB)
      media/projects/dataviz-gallery/Russia invades Ukraine.jpg  (991.4KB)
      media/projects/dataviz-gallery/Russia plans to annex Ukrainian regions in the east.jpg  (819.4KB)
      media/projects/dataviz-gallery/Russian control in eastern Ukraine.jpg  (1.3MB)
      media/projects/dataviz-gallery/Russian forces at the edge of Kyiv.jpg  (932.5KB)
      media/projects/dataviz-gallery/Saudi Arabia crude-oil exports.jpg  (239.4KB)
      media/projects/dataviz-gallery/Saudi oil facilities attacked.jpg  (959.4KB)
      media/projects/dataviz-gallery/Successful lunar soft landing sites.jpg  (652.8KB)
      media/projects/dataviz-gallery/Thawing permafrost puts global climate warming in spotlight.jpg  (1005.8KB)
      media/projects/dataviz-gallery/The battle for Bakhmut.png  (248.8KB)
      media/projects/dataviz-gallery/The European Parliament after Brexit.jpg  (625.2KB)
      media/projects/dataviz-gallery/Top exporters of fertilizers.png  (90.7KB)
      media/projects/dataviz-gallery/Top importers of fertilizers from Russia and Belarus.png  (92.0KB)
      media/projects/dataviz-gallery/Tour de France 2020.jpg  (584.2KB)
      media/projects/dataviz-gallery/Tour de France 2021.jpg  (918.0KB)
      media/projects/dataviz-gallery/Tour de France 2023.jpg  (1.4MB)
      media/projects/dataviz-gallery/Tracking the Russian invasion of Ukraine Ukraine conflict.jpg  (220.9KB)
      media/projects/dataviz-gallery/Trends in COVID-19 infections and hospitalisations in Israel following vaccinations.jpg  (231.3KB)
      media/projects/dataviz-gallery/Trump's Middle East peace plan.jpg  (515.4KB)
      media/projects/dataviz-gallery/UK health and social care tax bill passed.jpg  (238.7KB)
      media/projects/dataviz-gallery/Ukraine loses territory in Kursk.jpg  (549.4KB)
      media/projects/dataviz-gallery/Ukraine ramps up its military budget.jpg  (329.2KB)
      media/projects/dataviz-gallery/Ukraine's battle against Russia's drone swarms.jpg  (493.4KB)
      media/projects/dataviz-gallery/Ukraine's military strength.jpg  (540.8KB)
      media/projects/dataviz-gallery/Ukraine's supply to the World Food Programme.jpg  (267.7KB)
      media/projects/dataviz-gallery/Vaccine prices in India.jpg  (412.2KB)
      media/projects/dataviz-gallery/Wildfires in Turkey.jpg  (1.3MB)
      media/projects/dataviz-gallery/Young, Indian, Unvaccinated.jpg  (332.6KB)
      media/projects/delhi-winter-pollution/causes.png  (59.3KB)
      media/projects/delhi-winter-pollution/heatmap-1.jpg  (401.0KB)
      media/projects/delhi-winter-pollution/heatmap-2.jpg  (524.8KB)
      media/projects/delhi-winter-pollution/heatmap-3.jpg  (181.6KB)
      media/projects/delhi-winter-pollution/hero.jpg  (1.4MB)
      media/projects/delhi-winter-pollution/map-1.jpg  (1.4MB)
      media/projects/delhi-winter-pollution/map-2.jpg  (429.4KB)
      media/projects/delhi-winter-pollution/map-3.jpg  (636.8KB)
      media/projects/delhi-winter-pollution/research-chart.jpg  (558.2KB)
      media/projects/dodata/conceptdoc.jpg  (299.7KB)
      media/projects/dodata/dashboard.jpg  (41.5KB)
      media/projects/dodata/data-usage.jpg  (22.5KB)
      media/projects/dodata/forgot-password-reset.jpg  (36.1KB)
      media/projects/dodata/hero.jpg  (138.2KB)
      media/projects/dodata/ia.jpg  (287.5KB)
      media/projects/dodata/icons.jpg  (241.8KB)
      media/projects/dodata/icons.png  (681.9KB)
      media/projects/dodata/invalid-mobile-error.jpg  (16.5KB)
      media/projects/dodata/logo.jpg  (39.4KB)
      media/projects/dodata/logo.png  (41.3KB)
      media/projects/dodata/logo1.jpg  (173.7KB)
      media/projects/dodata/logo2.jpg  (121.6KB)
      media/projects/dodata/logo3.jpg  (151.9KB)
      media/projects/dodata/logocolour.jpg  (57.8KB)
      media/projects/dodata/logocolour.png  (163.3KB)
      media/projects/dodata/logofinal.jpg  (61.5KB)
      media/projects/dodata/logofinal.png  (191.5KB)
      media/projects/dodata/logotype.jpg  (75.9KB)
      media/projects/dodata/logotype.png  (129.1KB)
      media/projects/dodata/password-error.jpg  (24.0KB)
      media/projects/dodata/prob1.png  (2.8KB)
      media/projects/dodata/prob2.png  (2.8KB)
      media/projects/dodata/splash.jpg  (29.6KB)
      media/projects/dodata/splash.png  (67.1KB)
      media/projects/dodata/switch-user.jpg  (17.3KB)
      media/projects/dodata/type.jpg  (57.9KB)
      media/projects/dodata/type.png  (150.8KB)
      media/projects/dodata/unregistered-mobile-error.jpg  (24.8KB)
      media/projects/dodata/user.jpg  (97.6KB)
      media/projects/soulace/death1.jpg  (460.1KB)
      media/projects/soulace/death2.jpg  (359.3KB)
      media/projects/soulace/Death_Care_Service.png  (233.0KB)
      media/projects/soulace/expmap.jpg  (652.9KB)
      media/projects/soulace/expmap.png  (1007.5KB)
      media/projects/soulace/flower.jpg  (218.9KB)
      media/projects/soulace/hero.jpg  (567.1KB)
      media/projects/soulace/laptopexp.png  (468.9KB)
      media/projects/soulace/laptopexp@2x.png  (1.6MB)
      media/projects/soulace/logo-full.png  (39.6KB)
      media/projects/soulace/logo-outline.png  (30.7KB)
      media/projects/soulace/logo.png  (65.7KB)
      media/projects/soulace/logo1.png  (39.0KB)
      media/projects/soulace/logoexp.png  (18.8KB)
      media/projects/soulace/model.png  (250.4KB)
      media/projects/soulace/prob1.png  (23.3KB)
      media/projects/soulace/prob2.png  (18.7KB)
      media/projects/soulace/prob3.png  (22.1KB)
      media/projects/soulace/prob4.png  (25.3KB)
      media/projects/soulace/prob5.png  (29.0KB)
      media/projects/soulace/prob6.png  (30.0KB)
      media/projects/soulace/screens/1.png  (64.5KB)
      media/projects/soulace/screens/10.png  (16.3KB)
      media/projects/soulace/screens/11.png  (14.9KB)
      media/projects/soulace/screens/12.png  (15.5KB)
      media/projects/soulace/screens/13.png  (17.6KB)
      media/projects/soulace/screens/14.png  (18.8KB)
      media/projects/soulace/screens/15.png  (16.0KB)
      media/projects/soulace/screens/16.png  (18.2KB)
      media/projects/soulace/screens/17.png  (6.2KB)
      media/projects/soulace/screens/18.png  (22.4KB)
      media/projects/soulace/screens/19.png  (6.8KB)
      media/projects/soulace/screens/2.png  (61.9KB)
      media/projects/soulace/screens/20.png  (24.6KB)
      media/projects/soulace/screens/21.png  (5.7KB)
      media/projects/soulace/screens/22.png  (23.2KB)
      media/projects/soulace/screens/23.png  (15.1KB)
      media/projects/soulace/screens/24.png  (166.7KB)
      media/projects/soulace/screens/25.png  (88.9KB)
      media/projects/soulace/screens/26.png  (63.1KB)
      media/projects/soulace/screens/27.png  (89.2KB)
      media/projects/soulace/screens/28.png  (10.8KB)
      media/projects/soulace/screens/29.png  (16.1KB)
      media/projects/soulace/screens/3.png  (182.4KB)
      media/projects/soulace/screens/30.png  (95.4KB)
      media/projects/soulace/screens/31.png  (61.9KB)
      media/projects/soulace/screens/32.png  (14.4KB)
      media/projects/soulace/screens/33.png  (19.2KB)
      media/projects/soulace/screens/4.png  (56.5KB)
      media/projects/soulace/screens/5.png  (130.5KB)
      media/projects/soulace/screens/6.png  (13.8KB)
      media/projects/soulace/screens/7.png  (29.3KB)
      media/projects/soulace/screens/8.png  (30.8KB)
      media/projects/soulace/screens/9.png  (24.5KB)
      media/projects/soulace/sol1.png  (113.7KB)
      media/projects/soulace/sol2.png  (88.8KB)
      media/projects/soulace/sol3.png  (95.2KB)
      media/projects/soulace/soulace-madhavi-poster.jpg  (106.6KB)
      media/projects/soulace/soulace-webdemo-poster.jpg  (238.9KB)
      media/projects/soulace/soulace.png  (6.0KB)
      media/projects/soulace/survey-result.png  (447.5KB)
      media/projects/soulace/survey.png  (195.5KB)
      media/projects/soulace/type.png  (18.5KB)
      media/share-images/andretta.jpg  (1.2MB)
      media/share-images/bats-pandemic.png  (1.3MB)
      media/share-images/delhi-winter-pollution.jpg  (1.5MB)
      media/share-images/dodata.jpg  (321.1KB)
      media/share-images/share.jpg  (154.6KB)
      media/share-images/soulace.jpg  (865.9KB)
      media/share-images/tree.jpg  (175.0KB)
      media/shows/shows-1.jpg  (1.8MB)
      media/shows/shows-2.jpg  (865.1KB)
      media/shows/shows-3.jpg  (1.0MB)
      media/teachings.jpg  (1016.3KB)
      media/textures/graphy.png  (164B)
      media/textures/groovepaper.png  (30.3KB)
      media/textures/small-crackle-bright.png  (247B)
      media/textures/subtle-dots.png  (82B)
      media/textures/worn-dots.png  (9.7KB)
      media/tree.jpg  (175.0KB)
      media/zines/zines-1.jpg  (1.2MB)
      media/zines/zines-2.jpg  (1.7MB)
      media/zines/zines-3.jpg  (1022.7KB)
      media/zines/zines-4.jpg  (716.5KB)
      media/zines/zines-5.jpg  (664.7KB)
    
    Other (webp/gif/svg) not referenced (177):
      favicon.webp  (1.8KB)
      media/awards/nasscom.webp  (58.6KB)
      media/community/community-3.webp  (54.2KB)
      media/hero.gif  (4.8MB)
      media/pexels-prasanta-kr-dutta-117541.webp  (312.9KB)
      media/Prasanta_KrDutta.webp  (697.4KB)
      media/projects/andretta/hero1.webp  (335.4KB)
      media/projects/dataviz-gallery/39 found dead in truck near London.webp  (269.5KB)
      media/projects/dataviz-gallery/Andy Murray's grand slam journey.webp  (208.9KB)
      media/projects/dataviz-gallery/Aramco's IPO valuations.webp  (57.1KB)
      media/projects/dataviz-gallery/Areas held by M23 rebels.webp  (165.1KB)
      media/projects/dataviz-gallery/Areas suitable for Fall Armyworm invasion.webp  (88.4KB)
      media/projects/dataviz-gallery/Attack on miner convoy in Burkina Faso.webp  (184.6KB)
      media/projects/dataviz-gallery/Attacks on Ukraine's energy system spike during the winter.webp  (84.1KB)
      media/projects/dataviz-gallery/Attacks on Ukraine's energy system.webp  (106.4KB)
      media/projects/dataviz-gallery/Blue Origin’s passenger spacecraft.webp  (225.8KB)
      media/projects/dataviz-gallery/Chandrayaan-2 lunar soft landing sequence.webp  (139.1KB)
      media/projects/dataviz-gallery/Children’s camp on a Russian military base.webp  (203.9KB)
      media/projects/dataviz-gallery/China’s refining and petrochemical hubs.webp  (199.0KB)
      media/projects/dataviz-gallery/Conflict in Syria.webp  (93.7KB)
      media/projects/dataviz-gallery/Coronavirus containment zones in Italy.webp  (157.2KB)
      media/projects/dataviz-gallery/Coronavirus vaccines from creation to inoculation.webp  (124.7KB)
      media/projects/dataviz-gallery/COVID-19 cases cross 15 million globally COVID-19 cases cross 15 million globally.webp  (30.1KB)
      media/projects/dataviz-gallery/COVID-19 deaths among ages 40-59.webp  (42.3KB)
      media/projects/dataviz-gallery/COVID-19 infections among vaccinated people.webp  (97.7KB)
      media/projects/dataviz-gallery/COVID-19 outbreak in India.webp  (57.7KB)
      media/projects/dataviz-gallery/COVID-19 vaccination rates in the European Union COVID-19 vaccination rates in the European Union.webp  (59.9KB)
      media/projects/dataviz-gallery/COVID-19 vaccinations and variants in Europe.webp  (146.2KB)
      media/projects/dataviz-gallery/COVID-19 vaccinations by age in India.webp  (43.3KB)
      media/projects/dataviz-gallery/COVID-19 vaccinations in India.webp  (59.8KB)
      media/projects/dataviz-gallery/COVID-19 vaccine purchases by country.webp  (64.4KB)
      media/projects/dataviz-gallery/COVID-19 vaccine skepticism.webp  (85.4KB)
      media/projects/dataviz-gallery/Cyclone Idai’s destructive path.webp  (203.1KB)
      media/projects/dataviz-gallery/Delhi pollution.webp  (78.5KB)
      media/projects/dataviz-gallery/Earthquake in Albania.webp  (177.5KB)
      media/projects/dataviz-gallery/Estimated effects on Russian gas flows.webp  (26.4KB)
      media/projects/dataviz-gallery/Fall Armyworm invasion.webp  (103.4KB)
      media/projects/dataviz-gallery/Fate of global plastic.webp  (60.4KB)
      media/projects/dataviz-gallery/FIFA Women's World Cup France 2019.webp  (86.4KB)
      media/projects/dataviz-gallery/Floods in Germany.webp  (170.3KB)
      media/projects/dataviz-gallery/Food insecurity due to locusts in East Africa.webp  (182.8KB)
      media/projects/dataviz-gallery/Gender laws around the world.webp  (172.8KB)
      media/projects/dataviz-gallery/Germany shooting.webp  (178.9KB)
      media/projects/dataviz-gallery/Global fossil fuel production projected to miss Paris Climate Accord goals.webp  (96.1KB)
      media/projects/dataviz-gallery/Guinea's bauxite production and exports.webp  (42.7KB)
      media/projects/dataviz-gallery/Heavy rainfall in Germany.webp  (127.1KB)
      media/projects/dataviz-gallery/History of conflicts in Ukraine.webp  (192.4KB)
      media/projects/dataviz-gallery/Hong Kong residents flee to Taiwan.webp  (57.0KB)
      media/projects/dataviz-gallery/How Assad used a shady jet to carry valuables out of Syria.webp  (141.3KB)
      media/projects/dataviz-gallery/How the coronavirus spread undetected in the UK.webp  (310.1KB)
      media/projects/dataviz-gallery/Hungarian boat capsized.webp  (263.0KB)
      media/projects/dataviz-gallery/Indonesia plane crash.webp  (319.8KB)
      media/projects/dataviz-gallery/Israel 2019 parliamentary elections.webp  (45.9KB)
      media/projects/dataviz-gallery/Israel 2019 snap election.webp  (41.3KB)
      media/projects/dataviz-gallery/Israel 2020 election.webp  (38.2KB)
      media/projects/dataviz-gallery/Israel election.webp  (44.8KB)
      media/projects/dataviz-gallery/Israel’s annexation plans.webp  (207.7KB)
      media/projects/dataviz-gallery/June 2021 heat waves.webp  (148.0KB)
      media/projects/dataviz-gallery/Key events in the life of Colin Powell.webp  (121.3KB)
      media/projects/dataviz-gallery/Less work in Germany.webp  (53.1KB)
      media/projects/dataviz-gallery/Lithium mining in Portugal.webp  (197.8KB)
      media/projects/dataviz-gallery/Locusts in East Africa.webp  (314.9KB)
      media/projects/dataviz-gallery/Long waitlists at England's hospitals.webp  (93.3KB)
      media/projects/dataviz-gallery/Map of Enerhodar city.webp  (175.7KB)
      media/projects/dataviz-gallery/Mauritius oil spill.webp  (394.6KB)
      media/projects/dataviz-gallery/Mineral wealth of DRC.webp  (316.2KB)
      media/projects/dataviz-gallery/Moonshot.webp  (212.7KB)
      media/projects/dataviz-gallery/Moscow plane crash.webp  (286.8KB)
      media/projects/dataviz-gallery/Moves in sterling.webp  (137.2KB)
      media/projects/dataviz-gallery/NATO’s vulnerable eastern flank.webp  (147.2KB)
      media/projects/dataviz-gallery/Natural gas exported from Russia in 2020.webp  (30.1KB)
      media/projects/dataviz-gallery/Nigeria protests.webp  (104.6KB)
      media/projects/dataviz-gallery/Nord Stream 2 sabotage.webp  (80.1KB)
      media/projects/dataviz-gallery/Pace of COVID-19 vaccinations in India.webp  (59.2KB)
      media/projects/dataviz-gallery/Palestinians killed in Gaza war.webp  (60.7KB)
      media/projects/dataviz-gallery/Path of cyclone Vayu.webp  (103.3KB)
      media/projects/dataviz-gallery/Population exodus hits new record.webp  (86.2KB)
      media/projects/dataviz-gallery/Portugal 2019 parliamentary elections.webp  (49.6KB)
      media/projects/dataviz-gallery/Potential landing sites of Chandrayaan-2.webp  (385.0KB)
      media/projects/dataviz-gallery/Racism in English football.webp  (79.6KB)
      media/projects/dataviz-gallery/Reading the Brexit tea leaves.webp  (125.3KB)
      media/projects/dataviz-gallery/Remembering D-Day.webp  (308.8KB)
      media/projects/dataviz-gallery/Rosneft's flights to holiday destinations.webp  (119.1KB)
      media/projects/dataviz-gallery/Rush for COVID-19 vaccinations in India.webp  (59.4KB)
      media/projects/dataviz-gallery/Russia invades Ukraine.webp  (162.2KB)
      media/projects/dataviz-gallery/Russia plans to annex Ukrainian regions in the east.webp  (165.2KB)
      media/projects/dataviz-gallery/Russian control in eastern Ukraine.webp  (263.8KB)
      media/projects/dataviz-gallery/Russian forces at the edge of Kyiv.webp  (182.8KB)
      media/projects/dataviz-gallery/Saudi Arabia crude-oil exports.webp  (39.0KB)
      media/projects/dataviz-gallery/Saudi oil facilities attacked.webp  (170.8KB)
      media/projects/dataviz-gallery/Successful lunar soft landing sites.webp  (266.7KB)
      media/projects/dataviz-gallery/Thawing permafrost puts global climate warming in spotlight.webp  (162.2KB)
      media/projects/dataviz-gallery/The battle for Bakhmut.webp  (52.9KB)
      media/projects/dataviz-gallery/The European Parliament after Brexit.webp  (122.8KB)
      media/projects/dataviz-gallery/Top exporters of fertilizers.webp  (30.7KB)
      media/projects/dataviz-gallery/Top importers of fertilizers from Russia and Belarus.webp  (31.2KB)
      media/projects/dataviz-gallery/Tour de France 2020.webp  (192.9KB)
      media/projects/dataviz-gallery/Tour de France 2021.webp  (170.2KB)
      media/projects/dataviz-gallery/Tour de France 2023.webp  (285.3KB)
      media/projects/dataviz-gallery/Tracking the Russian invasion of Ukraine Ukraine conflict.webp  (114.6KB)
      media/projects/dataviz-gallery/Trends in COVID-19 infections and hospitalisations in Israel following vaccinations.webp  (61.1KB)
      media/projects/dataviz-gallery/Trump's Middle East peace plan.webp  (105.5KB)
      media/projects/dataviz-gallery/UK health and social care tax bill passed.webp  (77.1KB)
      media/projects/dataviz-gallery/Ukraine loses territory in Kursk.webp  (140.4KB)
      media/projects/dataviz-gallery/Ukraine ramps up its military budget.webp  (84.4KB)
      media/projects/dataviz-gallery/Ukraine's battle against Russia's drone swarms.webp  (110.0KB)
      media/projects/dataviz-gallery/Ukraine's military strength.webp  (143.0KB)
      media/projects/dataviz-gallery/Ukraine's supply to the World Food Programme.webp  (64.0KB)
      media/projects/dataviz-gallery/Vaccine prices in India.webp  (100.8KB)
      media/projects/dataviz-gallery/Wildfires in Turkey.webp  (229.1KB)
      media/projects/dataviz-gallery/Young, Indian, Unvaccinated.webp  (80.6KB)
      media/projects/delhi-winter-pollution/heatmap-3.webp  (23.2KB)
      media/projects/delhi-winter-pollution/research-chart.webp  (85.4KB)
      media/projects/dodata/conceptdoc.webp  (117.3KB)
      media/projects/dodata/ia.webp  (120.8KB)
      media/projects/dodata/icons.webp  (320.7KB)
      media/projects/dodata/user.webp  (45.1KB)
      media/projects/soulace/death1.webp  (97.3KB)
      media/projects/soulace/death2.webp  (83.8KB)
      media/projects/soulace/Death_Care_Service.webp  (114.6KB)
      media/projects/soulace/expmap.webp  (290.7KB)
      media/projects/soulace/flower.webp  (44.7KB)
      media/projects/soulace/laptopexp.webp  (99.2KB)
      media/projects/soulace/laptopexp@2x.webp  (357.7KB)
      media/projects/soulace/logo.webp  (29.6KB)
      media/projects/soulace/logo1.webp  (22.0KB)
      media/projects/soulace/model.webp  (60.4KB)
      media/projects/soulace/screens/1.webp  (3.4KB)
      media/projects/soulace/screens/10.webp  (16.2KB)
      media/projects/soulace/screens/11.webp  (13.9KB)
      media/projects/soulace/screens/12.webp  (15.2KB)
      media/projects/soulace/screens/13.webp  (16.5KB)
      media/projects/soulace/screens/14.webp  (18.6KB)
      media/projects/soulace/screens/15.webp  (14.8KB)
      media/projects/soulace/screens/16.webp  (17.5KB)
      media/projects/soulace/screens/17.webp  (10.0KB)
      media/projects/soulace/screens/18.webp  (5.7KB)
      media/projects/soulace/screens/19.webp  (10.4KB)
      media/projects/soulace/screens/2.webp  (19.2KB)
      media/projects/soulace/screens/20.webp  (6.9KB)
      media/projects/soulace/screens/21.webp  (8.8KB)
      media/projects/soulace/screens/22.webp  (6.2KB)
      media/projects/soulace/screens/23.webp  (14.7KB)
      media/projects/soulace/screens/24.webp  (13.4KB)
      media/projects/soulace/screens/25.webp  (11.0KB)
      media/projects/soulace/screens/26.webp  (12.8KB)
      media/projects/soulace/screens/27.webp  (11.6KB)
      media/projects/soulace/screens/28.webp  (6.1KB)
      media/projects/soulace/screens/29.webp  (12.4KB)
      media/projects/soulace/screens/3.webp  (26.5KB)
      media/projects/soulace/screens/30.webp  (11.0KB)
      media/projects/soulace/screens/31.webp  (19.2KB)
      media/projects/soulace/screens/32.webp  (12.7KB)
      media/projects/soulace/screens/33.webp  (22.5KB)
      media/projects/soulace/screens/4.webp  (17.9KB)
      media/projects/soulace/screens/5.webp  (21.1KB)
      media/projects/soulace/screens/6.webp  (14.5KB)
      media/projects/soulace/screens/7.webp  (8.8KB)
      media/projects/soulace/screens/8.webp  (9.9KB)
      media/projects/soulace/screens/9.webp  (3.6KB)
      media/projects/soulace/soulace-madhavi-poster.webp  (8.4KB)
      media/projects/soulace/soulace-webdemo-poster.webp  (36.0KB)
      media/projects/soulace/survey-result.webp  (67.4KB)
      media/projects/soulace/ui1.gif  (148.3KB)
      media/projects/soulace/ui1.webp  (86.2KB)
      media/projects/soulace/ui2.gif  (208.4KB)
      media/projects/soulace/ui2.webp  (117.1KB)
      media/projects/soulace/ui3.gif  (152.0KB)
      media/projects/soulace/ui3.webp  (86.0KB)
      media/projects/soulace/ui4.gif  (204.7KB)
      media/projects/soulace/ui4.webp  (122.0KB)
      media/projects/soulace/ui5.gif  (279.2KB)
      media/projects/soulace/ui5.webp  (112.8KB)
      media/textures/graphy.webp  (322B)
      media/textures/groovepaper.webp  (57.3KB)
      media/textures/subtle-dots.webp  (108B)
      media/textures/worn-dots.webp  (25.4KB)
    Done  ·  0.8s
════════════════════════════════════════════════════════════

+ media\hero-community.jpg  1.3MB → 188.3KB  (85.9% saved)

════════════════════════════════════════════════════════════
  WebP conversion
────────────────────────────────────────────────────────────
    WebP conversion  ·  2026-10-09 14:23:15  ·  mode: missing
    Source images: 293  |  Existing .webp: 285  |  To convert: 1
    1 converted, 0 failed, 0 skipped  ·  0.3s
    Total: 1.3MB → 188.3KB (85.9% saved)
════════════════════════════════════════════════════════════

+ media\hero-about.jpg  939.5KB → 205.9KB  (78.1% saved)

════════════════════════════════════════════════════════════
  WebP conversion
────────────────────────────────────────────────────────────
    WebP conversion  ·  2026-10-09 14:33:11  ·  mode: missing
    Source images: 293  |  Existing .webp: 285  |  To convert: 1
    1 converted, 0 failed, 0 skipped  ·  0.2s
    Total: 939.5KB → 205.9KB (78.1% saved)
════════════════════════════════════════════════════════════

+ media\hero-about.jpg  897.4KB → 186.2KB  (79.2% saved)

════════════════════════════════════════════════════════════
  WebP conversion
────────────────────────────────────────────────────────────
    WebP conversion  ·  2026-10-09 14:34:36  ·  mode: missing
    Source images: 293  |  Existing .webp: 285  |  To convert: 1
    1 converted, 0 failed, 0 skipped  ·  0.2s
    Total: 897.4KB → 186.2KB (79.2% saved)
════════════════════════════════════════════════════════════

+ media\awards\loeb.png  128.3KB → 39.0KB  (69.6% saved)

════════════════════════════════════════════════════════════
  WebP conversion
────────────────────────────────────────────────────────────
    WebP conversion  ·  2026-10-10 20:03:03  ·  mode: missing
    Source images: 10  |  Existing .webp: 10  |  To convert: 1
    1 converted, 0 failed, 0 skipped  ·  0.1s
    Total: 128.3KB → 39.0KB (69.6% saved)
════════════════════════════════════════════════════════════

+ media\awards\loeb.png  46.5KB → 21.0KB  (54.8% saved)

════════════════════════════════════════════════════════════
  WebP conversion
────────────────────────────────────────────────────────────
    WebP conversion  ·  2026-10-10 20:06:55  ·  mode: missing
    Source images: 10  |  Existing .webp: 10  |  To convert: 1
    1 converted, 0 failed, 0 skipped  ·  0.1s
    Total: 46.5KB → 21.0KB (54.8% saved)
════════════════════════════════════════════════════════════

+ media\awards\loeb.png  47.5KB → 21.5KB  (54.8% saved)

════════════════════════════════════════════════════════════
  WebP conversion
────────────────────────────────────────────────────────────
    WebP conversion  ·  2026-10-10 20:11:59  ·  mode: missing
    Source images: 10  |  Existing .webp: 10  |  To convert: 1
    1 converted, 0 failed, 0 skipped  ·  0.1s
    Total: 47.5KB → 21.5KB (54.8% saved)
════════════════════════════════════════════════════════════

+ media\awards\adobe.png  135.5KB → 38.7KB  (71.4% saved)

════════════════════════════════════════════════════════════
  WebP conversion
────────────────────────────────────────────────────────────
    WebP conversion  ·  2026-10-10 23:08:49  ·  mode: missing
    Source images: 10  |  Existing .webp: 10  |  To convert: 1
    1 converted, 0 failed, 0 skipped  ·  0.1s
    Total: 135.5KB → 38.7KB (71.4% saved)
════════════════════════════════════════════════════════════

+ media\awards\fcc.png  331.6KB → 100.4KB  (69.7% saved)

════════════════════════════════════════════════════════════
  WebP conversion
────────────────────────────────────────────────────────────
    WebP conversion  ·  2026-10-10 23:25:20  ·  mode: missing
    Source images: 10  |  Existing .webp: 10  |  To convert: 1
    1 converted, 0 failed, 0 skipped  ·  0.2s
    Total: 331.6KB → 100.4KB (69.7% saved)
════════════════════════════════════════════════════════════

